[debug] [2026-09-16T19:41:06.920Z] ----------------------------------------------------------------------
[debug] [2026-09-16T19:41:06.922Z] Command:       C:\Program Files\nodejs\node.exe C:\Users\MIS_\AppData\Roaming\npm\node_modules\firebase-tools\lib\bin\firebase.js deploy --project chemlab-45006
[debug] [2026-09-16T19:41:06.922Z] CLI Version:   15.30.1
[debug] [2026-09-16T19:41:06.922Z] Platform:      win32
[debug] [2026-09-16T19:41:06.922Z] Node Version:  v24.19.0
[debug] [2026-09-16T19:41:06.922Z] Detected Agent: open_code
[debug] [2026-09-16T19:41:06.922Z] Time:          Thu Sep 17 2026 02:41:06 GMT+0700 (Indochina Time)
[debug] [2026-09-16T19:41:06.922Z] ----------------------------------------------------------------------
[debug] 
[debug] [2026-09-16T19:41:08.744Z] > command requires scopes: ["email","openid","https://www.googleapis.com/auth/cloudplatformprojects.readonly","https://www.googleapis.com/auth/firebase","https://www.googleapis.com/auth/cloud-platform"]
[debug] [2026-09-16T19:41:08.744Z] > authorizing via signed-in user (jirapanjr95@gmail.com)
[debug] [2026-09-16T19:41:08.744Z] [iam] checking project chemlab-45006 for permissions ["datastore.indexes.create","datastore.indexes.delete","datastore.indexes.list","datastore.indexes.update","firebase.projects.get","firebasehosting.sites.update"]
[debug] [2026-09-16T19:41:08.755Z] Checked if tokens are valid: true, expires at: 1789589381817
[debug] [2026-09-16T19:41:08.755Z] Checked if tokens are valid: true, expires at: 1789589381817
[debug] [2026-09-16T19:41:08.756Z] >>> [apiv2][query] POST https://cloudresourcemanager.googleapis.com/v1/projects/chemlab-45006:testIamPermissions [none]
[debug] [2026-09-16T19:41:08.756Z] >>> [apiv2][(partial)header] POST https://cloudresourcemanager.googleapis.com/v1/projects/chemlab-45006:testIamPermissions  x-goog-user-project=chemlab-45006
[debug] [2026-09-16T19:41:08.756Z] >>> [apiv2][body] POST https://cloudresourcemanager.googleapis.com/v1/projects/chemlab-45006:testIamPermissions {"permissions":["datastore.indexes.create","datastore.indexes.delete","datastore.indexes.list","datastore.indexes.update","firebase.projects.get","firebasehosting.sites.update"]}
[debug] [2026-09-16T19:41:09.271Z] <<< [apiv2][status] POST https://cloudresourcemanager.googleapis.com/v1/projects/chemlab-45006:testIamPermissions 200
[debug] [2026-09-16T19:41:09.271Z] <<< [apiv2][body] POST https://cloudresourcemanager.googleapis.com/v1/projects/chemlab-45006:testIamPermissions {"permissions":["datastore.indexes.create","datastore.indexes.delete","datastore.indexes.list","datastore.indexes.update","firebase.projects.get","firebasehosting.sites.update"]}
[debug] [2026-09-16T19:41:09.271Z] Checked if tokens are valid: true, expires at: 1789589381817
[debug] [2026-09-16T19:41:09.272Z] Checked if tokens are valid: true, expires at: 1789589381817
[debug] [2026-09-16T19:41:09.272Z] >>> [apiv2][query] GET https://firebase.googleapis.com/v1beta1/projects/chemlab-45006 [none]
[debug] [2026-09-16T19:41:09.751Z] <<< [apiv2][status] GET https://firebase.googleapis.com/v1beta1/projects/chemlab-45006 200
[debug] [2026-09-16T19:41:09.751Z] <<< [apiv2][body] GET https://firebase.googleapis.com/v1beta1/projects/chemlab-45006 {"projectId":"chemlab-45006","projectNumber":"239212958243","displayName":"Chemlab","name":"projects/chemlab-45006","resources":{"hostingSite":"chemlab-45006"},"state":"ACTIVE","labels":{"firebase":"enabled"},"etag":"1_996ccb91-5acd-4998-8149-d97d0302b4c4"}
[debug] [2026-09-16T19:41:12.459Z] defaultcredentials: writing to file C:\Users\MIS_\AppData\Roaming\firebase\jirapanjr95_gmail_com_application_default_credentials.json
[debug] [2026-09-16T19:41:12.460Z] Checked if tokens are valid: true, expires at: 1789589381817
[debug] [2026-09-16T19:41:12.460Z] Checked if tokens are valid: true, expires at: 1789589381817
[debug] [2026-09-16T19:41:12.460Z] >>> [apiv2][query] GET https://firebasehosting.googleapis.com/v1beta1/projects/chemlab-45006/sites pageToken=&pageSize=10
[debug] [2026-09-16T19:41:13.731Z] <<< [apiv2][status] GET https://firebasehosting.googleapis.com/v1beta1/projects/chemlab-45006/sites 200
[debug] [2026-09-16T19:41:13.731Z] <<< [apiv2][body] GET https://firebasehosting.googleapis.com/v1beta1/projects/chemlab-45006/sites {"sites":[{"name":"projects/chemlab-45006/sites/chemlab","defaultUrl":"https://chemlab.web.app","appId":"1:239212958243:web:1b9d97edc9b4903b8a1796","type":"USER_SITE"},{"name":"projects/chemlab-45006/sites/chemlab-45006","defaultUrl":"https://chemlab-45006.web.app","type":"DEFAULT_SITE"}]}
[debug] [2026-09-16T19:41:13.731Z] Checked if tokens are valid: true, expires at: 1789589381817
[debug] [2026-09-16T19:41:13.731Z] Checked if tokens are valid: true, expires at: 1789589381817
[debug] [2026-09-16T19:41:13.731Z] >>> [apiv2][query] GET https://firebasehosting.googleapis.com/v1beta1/projects/chemlab-45006/sites 
[debug] [2026-09-16T19:41:14.434Z] <<< [apiv2][status] GET https://firebasehosting.googleapis.com/v1beta1/projects/chemlab-45006/sites 200
[debug] [2026-09-16T19:41:14.434Z] <<< [apiv2][body] GET https://firebasehosting.googleapis.com/v1beta1/projects/chemlab-45006/sites {"sites":[{"name":"projects/chemlab-45006/sites/chemlab","defaultUrl":"https://chemlab.web.app","appId":"1:239212958243:web:1b9d97edc9b4903b8a1796","type":"USER_SITE"},{"name":"projects/chemlab-45006/sites/chemlab-45006","defaultUrl":"https://chemlab-45006.web.app","type":"DEFAULT_SITE"}]}
[debug] [2026-09-16T19:41:14.434Z] Checked if tokens are valid: true, expires at: 1789589381817
[debug] [2026-09-16T19:41:14.434Z] Checked if tokens are valid: true, expires at: 1789589381817
[debug] [2026-09-16T19:41:14.434Z] >>> [apiv2][query] GET https://firebase.googleapis.com/v1beta1/projects/chemlab-45006/webApps/-/config [none]
[debug] [2026-09-16T19:41:15.903Z] <<< [apiv2][status] GET https://firebase.googleapis.com/v1beta1/projects/chemlab-45006/webApps/-/config 200
[debug] [2026-09-16T19:41:15.903Z] <<< [apiv2][body] GET https://firebase.googleapis.com/v1beta1/projects/chemlab-45006/webApps/-/config {"projectId":"chemlab-45006","appId":"1:239212958243:web:1b9d97edc9b4903b8a1796","storageBucket":"chemlab-45006.firebasestorage.app","apiKey":"AIzaSyA7dGWxO-_DWu_ntBcbfw6QIlLVAhY1UGA","authDomain":"chemlab-45006.firebaseapp.com","messagingSenderId":"239212958243","measurementId":"G-XYS90FWDCN","projectNumber":"239212958243","version":"2"}
[info] 
   Thank you for trying our early preview of Next.js support on Firebase Hosting.
   During the preview, support is best-effort and breaking changes can be expected. Proceed with caution.
   The integration is known to work with Next.js version 12 - 16.0. You may encounter errors.

   Documentation: https://firebase.google.com/docs/hosting/frameworks/nextjs
   File a bug: https://github.com/firebase/firebase-tools/issues/new?template=bug_report.md
   Submit a feature request: https://github.com/firebase/firebase-tools/issues/new?template=feature_request.md

   We'd love to learn from you. Express your interest in helping us shape the future of Firebase Hosting: https://goo.gle/41enW5X

[debug] [2026-09-16T19:41:22.245Z] Checked if tokens are valid: true, expires at: 1789589381817
[debug] [2026-09-16T19:41:22.246Z] Checked if tokens are valid: true, expires at: 1789589381817
[debug] [2026-09-16T19:41:22.246Z] >>> [apiv2][query] GET https://firebasehosting.googleapis.com/v1beta1/projects/chemlab-45006/sites/chemlab-45006 [none]
[debug] [2026-09-16T19:41:23.252Z] <<< [apiv2][status] GET https://firebasehosting.googleapis.com/v1beta1/projects/chemlab-45006/sites/chemlab-45006 200
[debug] [2026-09-16T19:41:23.252Z] <<< [apiv2][body] GET https://firebasehosting.googleapis.com/v1beta1/projects/chemlab-45006/sites/chemlab-45006 {"name":"projects/chemlab-45006/sites/chemlab-45006","defaultUrl":"https://chemlab-45006.web.app","type":"DEFAULT_SITE"}
[info] ▲ Next.js 16.2.6 (Turbopack)

[info] - Environments: .env.local


[info]   Creating an optimized production build ...

[info] ✓ Compiled successfully in 3.8s

[info]   Running TypeScript ...

[info]   Finished TypeScript in 8.4s ...

[info]   Collecting page data using 11 workers ...

[info]   Generating static pages using 11 workers (0/12) ...

[info]   Generating static pages using 11 workers (3/12) 

[info]   Generating static pages using 11 workers (6/12) 

[info]   Generating static pages using 11 workers (9/12) 

[info] ✓ Generating static pages using 11 workers (12/12) in 297ms

[info]   Finalizing page optimization ...

[info] 

[info] Route (app)
┌ ○ /
├ ○ /_not-found
├ ƒ /api/attempt
├ ƒ /api/rooms
├ ƒ /api/rooms/[key]
├ ƒ /api/teacher/profile
├ ƒ /api/teacher/rooms
├ ƒ /api/teacher/rooms/[id]
├ ƒ /api/teacher/rooms/[id]/questions
├ ○ /join
├ ƒ /join/[code]
├ ○ /student/avatar
├ ○ /student/classroom
├ ○ /student/lab
├ ○ /student/results
├ ƒ /teacher/classrooms/[id]
├ ƒ /teacher/classrooms/[id]/questions
├ ƒ /teacher/classrooms/[id]/report
├ ○ /teacher/classrooms/new
├ ○ /teacher/dashboard
├ ○ /teacher/login
└ ○ /teacher/profile


[info] 
○  (Static)   prerendered as static content
ƒ  (Dynamic)  server-rendered on demand


[info] Building a Cloud Function to run this application. This is needed due to:
[info]  • non-static component /api/attempt/route
[info]  • non-static component /api/rooms/[key]/route
[info]  • non-static component /api/rooms/route
[info]  • non-static component /api/teacher/profile/route
[info]  • non-static component /api/teacher/rooms/[id]/questions/route
[debug] [2026-09-16T19:41:41.714Z]  • non-static component /api/teacher/rooms/[id]/route
[debug] [2026-09-16T19:41:41.714Z]  • non-static component /api/teacher/rooms/route
[debug] [2026-09-16T19:41:41.714Z]  • non-static component /join/[code]/page
[debug] [2026-09-16T19:41:41.714Z]  • non-static component /teacher/classrooms/[id]/page
[debug] [2026-09-16T19:41:41.714Z]  • non-static component /teacher/classrooms/[id]/questions/page
[debug] [2026-09-16T19:41:41.714Z]  • non-static component /teacher/classrooms/[id]/report/page
[info]  • and 6 other reasons, use --debug to see more
[info] 
[debug] [2026-09-16T19:41:47.001Z] Checked if tokens are valid: true, expires at: 1789589381817
[debug] [2026-09-16T19:41:47.001Z] Checked if tokens are valid: true, expires at: 1789589381817
[debug] [2026-09-16T19:41:47.002Z] >>> [apiv2][query] GET https://firebasehosting.googleapis.com/v1beta1/projects/chemlab-45006/sites/chemlab-45006 [none]
[debug] [2026-09-16T19:41:48.013Z] <<< [apiv2][status] GET https://firebasehosting.googleapis.com/v1beta1/projects/chemlab-45006/sites/chemlab-45006 200
[debug] [2026-09-16T19:41:48.013Z] <<< [apiv2][body] GET https://firebasehosting.googleapis.com/v1beta1/projects/chemlab-45006/sites/chemlab-45006 {"name":"projects/chemlab-45006/sites/chemlab-45006","defaultUrl":"https://chemlab-45006.web.app","type":"DEFAULT_SITE"}
[debug] [2026-09-16T19:41:48.549Z] Error: EPERM: operation not permitted, symlink 'C:\Users\MIS_\OneDrive - University of Phayao\Desktop\เกม for สื่อการสอน\chemclass-lab\node_modules\firebase-admin' -> 'C:\Users\MIS_\OneDrive - University of Phayao\Desktop\เกม for สื่อการสอน\chemclass-lab\.firebase\chemlab-45006\functions\.next\node_modules\firebase-admin-a14c8a5423a75469'
[error] 
[error] Error: An unexpected error has occurred.
[debug] [2026-09-16T19:42:50.497Z] ----------------------------------------------------------------------
[debug] [2026-09-16T19:42:50.498Z] Command:       C:\Program Files\nodejs\node.exe C:\Users\MIS_\AppData\Roaming\npm\node_modules\firebase-tools\lib\bin\firebase.js deploy --project chemlab-45006
[debug] [2026-09-16T19:42:50.499Z] CLI Version:   15.30.1
[debug] [2026-09-16T19:42:50.499Z] Platform:      win32
[debug] [2026-09-16T19:42:50.499Z] Node Version:  v24.19.0
[debug] [2026-09-16T19:42:50.499Z] Detected Agent: open_code
[debug] [2026-09-16T19:42:50.499Z] Time:          Thu Sep 17 2026 02:42:50 GMT+0700 (Indochina Time)
[debug] [2026-09-16T19:42:50.499Z] ----------------------------------------------------------------------
[debug] 
[debug] [2026-09-16T19:42:51.798Z] > command requires scopes: ["email","openid","https://www.googleapis.com/auth/cloudplatformprojects.readonly","https://www.googleapis.com/auth/firebase","https://www.googleapis.com/auth/cloud-platform"]
[debug] [2026-09-16T19:42:51.798Z] > authorizing via signed-in user (jirapanjr95@gmail.com)
[debug] [2026-09-16T19:42:51.798Z] [iam] checking project chemlab-45006 for permissions ["datastore.indexes.create","datastore.indexes.delete","datastore.indexes.list","datastore.indexes.update","firebase.projects.get","firebasehosting.sites.update"]
[debug] [2026-09-16T19:42:51.808Z] Checked if tokens are valid: true, expires at: 1789589381817
[debug] [2026-09-16T19:42:51.808Z] Checked if tokens are valid: true, expires at: 1789589381817
[debug] [2026-09-16T19:42:51.809Z] >>> [apiv2][query] POST https://cloudresourcemanager.googleapis.com/v1/projects/chemlab-45006:testIamPermissions [none]
[debug] [2026-09-16T19:42:51.809Z] >>> [apiv2][(partial)header] POST https://cloudresourcemanager.googleapis.com/v1/projects/chemlab-45006:testIamPermissions  x-goog-user-project=chemlab-45006
[debug] [2026-09-16T19:42:51.809Z] >>> [apiv2][body] POST https://cloudresourcemanager.googleapis.com/v1/projects/chemlab-45006:testIamPermissions {"permissions":["datastore.indexes.create","datastore.indexes.delete","datastore.indexes.list","datastore.indexes.update","firebase.projects.get","firebasehosting.sites.update"]}
[debug] [2026-09-16T19:42:53.128Z] <<< [apiv2][status] POST https://cloudresourcemanager.googleapis.com/v1/projects/chemlab-45006:testIamPermissions 200
[debug] [2026-09-16T19:42:53.128Z] <<< [apiv2][body] POST https://cloudresourcemanager.googleapis.com/v1/projects/chemlab-45006:testIamPermissions {"permissions":["datastore.indexes.create","datastore.indexes.delete","datastore.indexes.list","datastore.indexes.update","firebase.projects.get","firebasehosting.sites.update"]}
[debug] [2026-09-16T19:42:53.129Z] Checked if tokens are valid: true, expires at: 1789589381817
[debug] [2026-09-16T19:42:53.129Z] Checked if tokens are valid: true, expires at: 1789589381817
[debug] [2026-09-16T19:42:53.129Z] >>> [apiv2][query] GET https://firebase.googleapis.com/v1beta1/projects/chemlab-45006 [none]
[debug] [2026-09-16T19:42:53.641Z] <<< [apiv2][status] GET https://firebase.googleapis.com/v1beta1/projects/chemlab-45006 200
[debug] [2026-09-16T19:42:53.641Z] <<< [apiv2][body] GET https://firebase.googleapis.com/v1beta1/projects/chemlab-45006 {"projectId":"chemlab-45006","projectNumber":"239212958243","displayName":"Chemlab","name":"projects/chemlab-45006","resources":{"hostingSite":"chemlab-45006"},"state":"ACTIVE","labels":{"firebase":"enabled"},"etag":"1_996ccb91-5acd-4998-8149-d97d0302b4c4"}
[debug] [2026-09-16T19:42:56.505Z] defaultcredentials: writing to file C:\Users\MIS_\AppData\Roaming\firebase\jirapanjr95_gmail_com_application_default_credentials.json
[debug] [2026-09-16T19:42:56.506Z] Checked if tokens are valid: true, expires at: 1789589381817
[debug] [2026-09-16T19:42:56.506Z] Checked if tokens are valid: true, expires at: 1789589381817
[debug] [2026-09-16T19:42:56.506Z] >>> [apiv2][query] GET https://firebasehosting.googleapis.com/v1beta1/projects/chemlab-45006/sites pageToken=&pageSize=10
[debug] [2026-09-16T19:42:57.669Z] <<< [apiv2][status] GET https://firebasehosting.googleapis.com/v1beta1/projects/chemlab-45006/sites 200
[debug] [2026-09-16T19:42:57.669Z] <<< [apiv2][body] GET https://firebasehosting.googleapis.com/v1beta1/projects/chemlab-45006/sites {"sites":[{"name":"projects/chemlab-45006/sites/chemlab","defaultUrl":"https://chemlab.web.app","appId":"1:239212958243:web:1b9d97edc9b4903b8a1796","type":"USER_SITE"},{"name":"projects/chemlab-45006/sites/chemlab-45006","defaultUrl":"https://chemlab-45006.web.app","type":"DEFAULT_SITE"}]}
[debug] [2026-09-16T19:42:57.670Z] Checked if tokens are valid: true, expires at: 1789589381817
[debug] [2026-09-16T19:42:57.670Z] Checked if tokens are valid: true, expires at: 1789589381817
[debug] [2026-09-16T19:42:57.670Z] >>> [apiv2][query] GET https://firebasehosting.googleapis.com/v1beta1/projects/chemlab-45006/sites 
[debug] [2026-09-16T19:42:58.364Z] <<< [apiv2][status] GET https://firebasehosting.googleapis.com/v1beta1/projects/chemlab-45006/sites 200
[debug] [2026-09-16T19:42:58.364Z] <<< [apiv2][body] GET https://firebasehosting.googleapis.com/v1beta1/projects/chemlab-45006/sites {"sites":[{"name":"projects/chemlab-45006/sites/chemlab","defaultUrl":"https://chemlab.web.app","appId":"1:239212958243:web:1b9d97edc9b4903b8a1796","type":"USER_SITE"},{"name":"projects/chemlab-45006/sites/chemlab-45006","defaultUrl":"https://chemlab-45006.web.app","type":"DEFAULT_SITE"}]}
[debug] [2026-09-16T19:42:58.365Z] Checked if tokens are valid: true, expires at: 1789589381817
[debug] [2026-09-16T19:42:58.365Z] Checked if tokens are valid: true, expires at: 1789589381817
[debug] [2026-09-16T19:42:58.365Z] >>> [apiv2][query] GET https://firebase.googleapis.com/v1beta1/projects/chemlab-45006/webApps/-/config [none]
[debug] [2026-09-16T19:42:59.834Z] <<< [apiv2][status] GET https://firebase.googleapis.com/v1beta1/projects/chemlab-45006/webApps/-/config 200
[debug] [2026-09-16T19:42:59.834Z] <<< [apiv2][body] GET https://firebase.googleapis.com/v1beta1/projects/chemlab-45006/webApps/-/config {"projectId":"chemlab-45006","appId":"1:239212958243:web:1b9d97edc9b4903b8a1796","storageBucket":"chemlab-45006.firebasestorage.app","apiKey":"AIzaSyA7dGWxO-_DWu_ntBcbfw6QIlLVAhY1UGA","authDomain":"chemlab-45006.firebaseapp.com","messagingSenderId":"239212958243","measurementId":"G-XYS90FWDCN","projectNumber":"239212958243","version":"2"}
[info] 
   Thank you for trying our early preview of Next.js support on Firebase Hosting.
   During the preview, support is best-effort and breaking changes can be expected. Proceed with caution.
   The integration is known to work with Next.js version 12 - 16.0. You may encounter errors.

   Documentation: https://firebase.google.com/docs/hosting/frameworks/nextjs
   File a bug: https://github.com/firebase/firebase-tools/issues/new?template=bug_report.md
   Submit a feature request: https://github.com/firebase/firebase-tools/issues/new?template=feature_request.md

   We'd love to learn from you. Express your interest in helping us shape the future of Firebase Hosting: https://goo.gle/41enW5X

[debug] [2026-09-16T19:43:06.404Z] Checked if tokens are valid: true, expires at: 1789589381817
[debug] [2026-09-16T19:43:06.404Z] Checked if tokens are valid: true, expires at: 1789589381817
[debug] [2026-09-16T19:43:06.404Z] >>> [apiv2][query] GET https://firebasehosting.googleapis.com/v1beta1/projects/chemlab-45006/sites/chemlab-45006 [none]
[debug] [2026-09-16T19:43:07.497Z] <<< [apiv2][status] GET https://firebasehosting.googleapis.com/v1beta1/projects/chemlab-45006/sites/chemlab-45006 200
[debug] [2026-09-16T19:43:07.497Z] <<< [apiv2][body] GET https://firebasehosting.googleapis.com/v1beta1/projects/chemlab-45006/sites/chemlab-45006 {"name":"projects/chemlab-45006/sites/chemlab-45006","defaultUrl":"https://chemlab-45006.web.app","type":"DEFAULT_SITE"}
[info] ▲ Next.js 16.2.6 (Turbopack)

[info] - Environments: .env.local


[info]   Creating an optimized production build ...

[info] ✓ Compiled successfully in 4.0s

[info]   Running TypeScript ...

[info]   Finished TypeScript in 7.1s ...

[info]   Collecting page data using 11 workers ...

[info]   Generating static pages using 11 workers (0/12) ...

[info]   Generating static pages using 11 workers (3/12) 

[info]   Generating static pages using 11 workers (6/12) 

[info]   Generating static pages using 11 workers (9/12) 

[info] ✓ Generating static pages using 11 workers (12/12) in 319ms

[info]   Finalizing page optimization ...

[info] 

[info] Route (app)
┌ ○ /
├ ○ /_not-found
├ ƒ /api/attempt
├ ƒ /api/rooms
├ ƒ /api/rooms/[key]
├ ƒ /api/teacher/profile
├ ƒ /api/teacher/rooms
├ ƒ /api/teacher/rooms/[id]
├ ƒ /api/teacher/rooms/[id]/questions
├ ○ /join
├ ƒ /join/[code]
├ ○ /student/avatar
├ ○ /student/classroom
├ ○ /student/lab
├ ○ /student/results
├ ƒ /teacher/classrooms/[id]
├ ƒ /teacher/classrooms/[id]/questions
├ ƒ /teacher/classrooms/[id]/report
├ ○ /teacher/classrooms/new
├ ○ /teacher/dashboard
├ ○ /teacher/login
└ ○ /teacher/profile


[info] 
○  (Static)   prerendered as static content
ƒ  (Dynamic)  server-rendered on demand


[info] Building a Cloud Function to run this application. This is needed due to:
[info]  • non-static component /api/attempt/route
[info]  • non-static component /api/rooms/[key]/route
[info]  • non-static component /api/rooms/route
[info]  • non-static component /api/teacher/profile/route
[info]  • non-static component /api/teacher/rooms/[id]/questions/route
[debug] [2026-09-16T19:43:25.157Z]  • non-static component /api/teacher/rooms/[id]/route
[debug] [2026-09-16T19:43:25.157Z]  • non-static component /api/teacher/rooms/route
[debug] [2026-09-16T19:43:25.157Z]  • non-static component /join/[code]/page
[debug] [2026-09-16T19:43:25.157Z]  • non-static component /teacher/classrooms/[id]/page
[debug] [2026-09-16T19:43:25.157Z]  • non-static component /teacher/classrooms/[id]/questions/page
[debug] [2026-09-16T19:43:25.157Z]  • non-static component /teacher/classrooms/[id]/report/page
[info]  • and 6 other reasons, use --debug to see more
[info] 
[debug] [2026-09-16T19:43:29.567Z] Checked if tokens are valid: true, expires at: 1789589381817
[debug] [2026-09-16T19:43:29.567Z] Checked if tokens are valid: true, expires at: 1789589381817
[debug] [2026-09-16T19:43:29.567Z] >>> [apiv2][query] GET https://firebasehosting.googleapis.com/v1beta1/projects/chemlab-45006/sites/chemlab-45006 [none]
[debug] [2026-09-16T19:43:30.656Z] <<< [apiv2][status] GET https://firebasehosting.googleapis.com/v1beta1/projects/chemlab-45006/sites/chemlab-45006 200
[debug] [2026-09-16T19:43:30.656Z] <<< [apiv2][body] GET https://firebasehosting.googleapis.com/v1beta1/projects/chemlab-45006/sites/chemlab-45006 {"name":"projects/chemlab-45006/sites/chemlab-45006","defaultUrl":"https://chemlab-45006.web.app","type":"DEFAULT_SITE"}
[debug] [2026-09-16T19:43:31.627Z] Error: EPERM: operation not permitted, symlink 'C:\Users\MIS_\OneDrive - University of Phayao\Desktop\เกม for สื่อการสอน\chemclass-lab\node_modules\firebase-admin' -> 'C:\Users\MIS_\OneDrive - University of Phayao\Desktop\เกม for สื่อการสอน\chemclass-lab\.firebase\chemlab-45006\functions\.next\node_modules\firebase-admin-a14c8a5423a75469'
[error] 
[error] Error: An unexpected error has occurred.
